[compound.finance/index.html]
[backblue.gif]
[fade.gif]
[index.html]
[compound.finance/images/meta-tag.png]
[compound.finance/images/compound-192.png]
[compound.finance/images/compound-512.png]
[compound.finance/manifest.json]
[compound.finance/favicon.ico]
[compound.finance/static/css/landing.dddaad77.chunk.css]
[compound.finance/static/js/runtime_landing.b9fc3f3d.js]
[compound.finance/static/js/vendors_landing_polyfills.13d89610.chunk.js]
[compound.finance/static/js/vendors_landing.5bf2421a.chunk.js]
[compound.finance/index.html]
[compound.finance/static/js/landing.b1bb475c.chunk.js]
[compound.finance/compound-components/assets/icn-ledger-error-no-bkg.svg]
[compound.finance/compound-components/assets/icn-arrow-back-dark.svg]
[compound.finance/compound-components/assets/compound-mark.svg]
[compound.finance/compound-components/assets/icn-coinbase-wallet.svg]
[compound.finance/compound-components/assets/icn-ledger.svg]
[compound.finance/compound-components/assets/icn-metamask.svg]
[compound.finance/compound-components/assets/icn-tally.svg]
[compound.finance/compound-components/assets/icn-wallet-connect.svg]
[compound.finance/compound-components/assets/ctoken_blank.svg]
[compound.finance/compound-components/assets/ctoken_fei_product.svg]
[compound.finance/compound-components/assets/ctoken_aave_product.svg]
[compound.finance/compound-components/assets/ctoken_bat_product.svg]
[compound.finance/compound-components/assets/ctoken_comp_product.svg]
[compound.finance/compound-components/assets/ctoken_dai_product.svg]
[compound.finance/compound-components/assets/ctoken_eth_product.svg]
[compound.finance/compound-components/assets/ctoken_link_product.svg]
[compound.finance/compound-components/assets/ctoken_mkr_product.svg]
[compound.finance/compound-components/assets/ctoken_rep_product.svg]
[compound.finance/compound-components/assets/ctoken_sai_product.svg]
[compound.finance/compound-components/assets/ctoken_sushi_product.svg]
[compound.finance/compound-components/assets/ctoken_tusd_product.svg]
[compound.finance/compound-components/assets/ctoken_uni_product.svg]
[compound.finance/compound-components/assets/ctoken_usdc_product.svg]
[compound.finance/compound-components/assets/ctoken_usdp_product.svg]
[compound.finance/compound-components/assets/ctoken_usdt_product.svg]
[compound.finance/compound-components/assets/ctoken_wbtc_product.svg]
[compound.finance/compound-components/assets/ctoken_yfi_product.svg]
[compound.finance/compound-components/assets/ctoken_zrx_product.svg]
[compound.finance/compound-components/assets/icn_updown.png]
[compound.finance/compound-components/assets/icn-dropdown-closed.svg]
[compound.finance/compound-components/assets/icn-dropdown-open.svg]
[compound.finance/compound-components/assets/icn-dropdown-closed-purple.svg]
[compound.finance/compound-components/assets/icn-dropdown-open-purple.svg]
[compound.finance/compound-components/assets/asset_FEI.svg]
[compound.finance/compound-components/assets/asset_AAVE.svg]
[compound.finance/compound-components/assets/asset_BAT.svg]
[compound.finance/compound-components/assets/asset_CASH--green.svg]
[compound.finance/compound-components/assets/asset_CASH--white.svg]
[compound.finance/compound-components/assets/asset_COMP.svg]
[compound.finance/compound-components/assets/asset_DAI.svg]
[compound.finance/compound-components/assets/asset_ETH.svg]
[compound.finance/compound-components/assets/asset_LINK.svg]
[compound.finance/compound-components/assets/asset_MKR.svg]
[compound.finance/compound-components/assets/asset_REP.svg]
[compound.finance/compound-components/assets/asset_SAI.svg]
[compound.finance/compound-components/assets/asset_SUSHI.svg]
[compound.finance/compound-components/assets/asset_TUSD.svg]
[compound.finance/compound-components/assets/asset_UNI.svg]
[compound.finance/compound-components/assets/asset_USDC.svg]
[compound.finance/compound-components/assets/asset_USDP.svg]
[compound.finance/compound-components/assets/asset_USDT.svg]
[compound.finance/compound-components/assets/asset_BTC.svg]
[compound.finance/compound-components/assets/asset_YFI.svg]
[compound.finance/compound-components/assets/asset_ZRX.svg]
[compound.finance/compound-components/assets/icn-copy.svg]
[compound.finance/compound-components/assets/icn-copy-green.svg]
[compound.finance/compound-components/assets/icn-copy-blue.svg]
[compound.finance/compound-components/assets/icn-external-link.svg]
[compound.finance/compound-components/assets/icn-external-link-green.svg]
[compound.finance/compound-components/assets/icn-external-link-gray.svg]
[compound.finance/compound-components/assets/icn-external-link-black.svg]
[compound.finance/compound-components/assets/icn-complete.svg]
[compound.finance/compound-components/assets/icn-edit.svg]
[compound.finance/compound-components/assets/icn-plus.svg]
[compound.finance/compound-components/assets/icon_close_x.svg]
[compound.finance/images/compound-logo.svg]
[compound.finance/images/icn-arrow.svg]
[compound.finance/images/icn-discord-dark-grey.svg]
[compound.finance/images/icn-github-dark-grey.svg]
[compound.finance/images/icn-medium-dark-grey.svg]
[compound.finance/images/icn-twitter-dark-grey.svg]
[compound.finance/images/compound-logo-dark.svg]
[compound.finance/images/icn-english.svg]
[compound.finance/images/icn-spanish.svg]
[compound.finance/images/icn-chinese.svg]
[compound.finance/images/icn-french.svg]
[compound.finance/images/icn-korean.svg]
[compound.finance/images/icn-coinbase-wallet-connected.svg]
[compound.finance/images/icn-ledger-connected-light.svg]
[compound.finance/images/icn-ledger-connected-dark.svg]
[compound.finance/images/icn-metamask-connected.svg]
[compound.finance/images/icon-propose-dark.svg]
[compound.finance/images/icon-propose-light.svg]
[compound.finance/images/icn-arrow-back-white.svg]
[compound.finance/images/icn-x.svg]
[compound.finance/images/gov-illo.svg]
[compound.finance/images/pattern-dots.svg]
[compound.finance/images/icn-build-arrows.svg]
[compound.finance/images/icn-build-arrows-green.svg]
[compound.finance/images/pattern-large-dots.svg]
[compound.finance/images/anchorage.jpg]
[compound.finance/images/ankr.svg]
[compound.finance/images/argent.svg]
[compound.finance/images/barnbridge.svg]
[compound.finance/images/binance.svg]
[compound.finance/images/bitgo.svg]
[compound.finance/images/b-protocol.svg]
[compound.finance/images/compound-interface.svg]
[compound.finance/images/compound-treasury.svg]
[compound.finance/images/coinbase-wallet.svg]
[compound.finance/images/coinbase-custody.svg]
[compound.finance/images/cointracker.svg]
[compound.finance/images/crypotaxtools.svg]
[compound.finance/images/defi-saver.svg]
[compound.finance/images/ledger.svg]
[compound.finance/images/crypto-dot-com.svg]
[compound.finance/images/eidoo.png]
[compound.finance/images/enzyme.svg]
[compound.finance/images/exodus.svg]
[compound.finance/images/fireblocks.svg]
[compound.finance/images/huobi-wallet.svg]
[compound.finance/images/imToken.svg]
[compound.finance/images/instadapp.svg]
[compound.finance/images/linen.svg]
[compound.finance/images/compound-education.svg]
[compound.finance/images/matrixport.svg]
[compound.finance/images/okex.svg]
[compound.finance/images/pool-together.svg]
[compound.finance/images/comp-vote.svg]
[compound.finance/images/tokentax.svg]
[compound.finance/images/zapper.png]
[compound.finance/images/zerion.svg]
[compound.finance/images/bug-bounty-illo.svg]
[compound.finance/images/oz-logo.svg]
[compound.finance/images/logo-trail-of-bits.svg]
[compound.finance/images/certora.svg]
[compound.finance/images/gauntlet.svg]
[compound.finance/images/pattern-header.svg]
[compound.finance/images/ctoken_dai_product.svg]
[compound.finance/images/ctoken_eth_product.svg]
[compound.finance/images/ctoken_usdt_product.svg]
[compound.finance/images/ctoken_sai_product.svg]
[compound.finance/images/ctoken_usdc_product.svg]
[compound.finance/images/ctoken_wbtc_product.svg]
[compound.finance/images/ctoken_zrx_product.svg]
[compound.finance/images/icon_arrow_forward.png]
[compound.finance/images/icon_arrow_back.png]
[compound.finance/images/icon_fail.png]
[compound.finance/images/icon_lock_open.png]
[compound.finance/images/icon_success.png]
[compound.finance/compound-components/fonts/NeueHaasGrotDispRound-55Roman.otf]
[compound.finance/compound-components/fonts/NeueHaasGrotDispRound-65Medium.otf]
[compound.finance/compound-components/fonts/NeueHaasGrotTextRound-55Roman.otf]
[compound.finance/compound-components/fonts/NeueHaasGrotTextRound-65Medium.otf]
[compound.finance/compound-components/fonts/NeueHaasGrotTextRound-75Bold.otf]
[compound.finance/images/icn-build-arrows-purple.svg]
[compound.finance/images/icn-dev-ctoken.svg]
[compound.finance/images/dev-header-grid.svg]
[compound.finance/images/developer-header-icn-discord.svg]
[compound.finance/images/icn-discord-white.svg]
[compound.finance/images/build-circles.svg]
[compound.finance/images/setup_voting.svg]
[compound.finance/compound-components/assets/icn-drop-down-light.svg]
[compound.finance/images/icn-external-link-green.svg]
[compound.finance/images/asset_ETH.svg]
[compound.finance/images/asset_WETH.svg]
[compound.finance/images/asset_MATIC.svg]
[compound.finance/static/css/landing.dddaad77.chunk.css]
[compound.finance/compound-components/assets/icn-ledger-error-no-bkg.svg]
[compound.finance/compound-components/assets/icn-arrow-back-dark.svg]
[compound.finance/compound-components/assets/compound-mark.svg]
[compound.finance/compound-components/assets/icn-coinbase-wallet.svg]
[compound.finance/compound-components/assets/icn-ledger.svg]
[compound.finance/compound-components/assets/icn-metamask.svg]
[compound.finance/compound-components/assets/icn-tally.svg]
[compound.finance/compound-components/assets/icn-wallet-connect.svg]
[compound.finance/compound-components/assets/ctoken_blank.svg]
[compound.finance/compound-components/assets/ctoken_fei_product.svg]
[compound.finance/compound-components/assets/ctoken_aave_product.svg]
[compound.finance/compound-components/assets/ctoken_bat_product.svg]
[compound.finance/compound-components/assets/ctoken_comp_product.svg]
[compound.finance/compound-components/assets/ctoken_dai_product.svg]
[compound.finance/compound-components/assets/ctoken_eth_product.svg]
[compound.finance/compound-components/assets/ctoken_link_product.svg]
[compound.finance/compound-components/assets/ctoken_mkr_product.svg]
[compound.finance/compound-components/assets/ctoken_rep_product.svg]
[compound.finance/compound-components/assets/ctoken_sai_product.svg]
[compound.finance/compound-components/assets/ctoken_sushi_product.svg]
[compound.finance/compound-components/assets/ctoken_tusd_product.svg]
[compound.finance/compound-components/assets/ctoken_uni_product.svg]
[compound.finance/compound-components/assets/ctoken_usdc_product.svg]
[compound.finance/compound-components/assets/ctoken_usdp_product.svg]
[compound.finance/compound-components/assets/ctoken_usdt_product.svg]
[compound.finance/compound-components/assets/ctoken_wbtc_product.svg]
[compound.finance/compound-components/assets/ctoken_yfi_product.svg]
[compound.finance/compound-components/assets/ctoken_zrx_product.svg]
[compound.finance/compound-components/assets/icn-dropdown-closed.svg]
[compound.finance/compound-components/assets/icn-dropdown-open.svg]
[compound.finance/compound-components/assets/icn-dropdown-closed-purple.svg]
[compound.finance/compound-components/assets/icn-dropdown-open-purple.svg]
[compound.finance/compound-components/assets/asset_FEI.svg]
[compound.finance/compound-components/assets/asset_AAVE.svg]
[compound.finance/compound-components/assets/asset_BAT.svg]
[compound.finance/compound-components/assets/asset_CASH--green.svg]
[compound.finance/compound-components/assets/asset_CASH--white.svg]
[compound.finance/compound-components/assets/asset_COMP.svg]
[compound.finance/compound-components/assets/asset_DAI.svg]
[compound.finance/compound-components/assets/asset_ETH.svg]
[compound.finance/compound-components/assets/asset_LINK.svg]
[compound.finance/compound-components/assets/asset_MKR.svg]
[compound.finance/compound-components/assets/asset_REP.svg]
[compound.finance/compound-components/assets/asset_SAI.svg]
[compound.finance/compound-components/assets/asset_SUSHI.svg]
[compound.finance/compound-components/assets/asset_TUSD.svg]
[compound.finance/compound-components/assets/asset_UNI.svg]
[compound.finance/compound-components/assets/asset_USDC.svg]
[compound.finance/compound-components/assets/asset_USDP.svg]
[compound.finance/compound-components/assets/asset_USDT.svg]
[compound.finance/compound-components/assets/asset_BTC.svg]
[compound.finance/compound-components/assets/asset_YFI.svg]
[compound.finance/compound-components/assets/asset_ZRX.svg]
[compound.finance/compound-components/assets/icn-copy.svg]
[compound.finance/compound-components/assets/icn-copy-green.svg]
[compound.finance/compound-components/assets/icn-copy-blue.svg]
[compound.finance/compound-components/assets/icn-external-link.svg]
[compound.finance/compound-components/assets/icn-external-link-green.svg]
[compound.finance/compound-components/assets/icn-external-link-gray.svg]
[compound.finance/compound-components/assets/icn-external-link-black.svg]
[compound.finance/compound-components/assets/icn-complete.svg]
[compound.finance/compound-components/assets/icn-edit.svg]
[compound.finance/compound-components/assets/icn-plus.svg]
[compound.finance/compound-components/assets/icon_close_x.svg]
[compound.finance/images/compound-logo.svg]
[compound.finance/images/icn-arrow.svg]
[compound.finance/images/icn-discord-dark-grey.svg]
[compound.finance/images/icn-github-dark-grey.svg]
[compound.finance/images/icn-medium-dark-grey.svg]
[compound.finance/images/icn-twitter-dark-grey.svg]
[compound.finance/images/compound-logo-dark.svg]
[compound.finance/images/icn-english.svg]
[compound.finance/images/icn-spanish.svg]
[compound.finance/images/icn-chinese.svg]
[compound.finance/images/icn-french.svg]
[compound.finance/images/icn-korean.svg]
[compound.finance/images/icn-coinbase-wallet-connected.svg]
[compound.finance/images/icn-ledger-connected-light.svg]
[compound.finance/images/icn-ledger-connected-dark.svg]
[compound.finance/images/icn-metamask-connected.svg]
[compound.finance/images/icon-propose-dark.svg]
[compound.finance/images/icon-propose-light.svg]
[compound.finance/images/icn-arrow-back-white.svg]
[compound.finance/images/icn-x.svg]
[compound.finance/images/gov-illo.svg]
[compound.finance/images/pattern-dots.svg]
[compound.finance/images/icn-build-arrows.svg]
[compound.finance/images/icn-build-arrows-green.svg]
[compound.finance/images/pattern-large-dots.svg]
[compound.finance/images/ankr.svg]
[compound.finance/images/argent.svg]
[compound.finance/images/barnbridge.svg]
[compound.finance/images/binance.svg]
[compound.finance/images/bitgo.svg]
[compound.finance/images/b-protocol.svg]
[compound.finance/images/compound-interface.svg]
[compound.finance/images/compound-treasury.svg]
[compound.finance/images/coinbase-wallet.svg]
[compound.finance/images/coinbase-custody.svg]
[compound.finance/images/cointracker.svg]
[compound.finance/images/crypotaxtools.svg]
[compound.finance/images/defi-saver.svg]
[compound.finance/images/ledger.svg]
[compound.finance/images/crypto-dot-com.svg]
[compound.finance/images/enzyme.svg]
[compound.finance/images/exodus.svg]
[compound.finance/images/fireblocks.svg]
[compound.finance/images/huobi-wallet.svg]
[compound.finance/images/imToken.svg]
[compound.finance/images/instadapp.svg]
[compound.finance/images/linen.svg]
[compound.finance/images/compound-education.svg]
[compound.finance/images/matrixport.svg]
[compound.finance/images/okex.svg]
[compound.finance/images/pool-together.svg]
[compound.finance/images/comp-vote.svg]
[compound.finance/images/tokentax.svg]
[compound.finance/images/zerion.svg]
[compound.finance/images/bug-bounty-illo.svg]
[compound.finance/images/oz-logo.svg]
[compound.finance/images/logo-trail-of-bits.svg]
[compound.finance/images/certora.svg]
[compound.finance/images/gauntlet.svg]
[compound.finance/images/pattern-header.svg]
[compound.finance/images/ctoken_dai_product.svg]
[compound.finance/images/ctoken_eth_product.svg]
[compound.finance/images/ctoken_usdt_product.svg]
[compound.finance/images/ctoken_sai_product.svg]
[compound.finance/images/ctoken_usdc_product.svg]
[compound.finance/images/ctoken_wbtc_product.svg]
[compound.finance/images/ctoken_zrx_product.svg]
[compound.finance/images/icn-build-arrows-purple.svg]
[compound.finance/images/icn-dev-ctoken.svg]
[compound.finance/images/dev-header-grid.svg]
[compound.finance/images/developer-header-icn-discord.svg]
[compound.finance/images/icn-discord-white.svg]
[compound.finance/images/build-circles.svg]
[compound.finance/images/setup_voting.svg]
[compound.finance/compound-components/assets/icn-drop-down-light.svg]
[compound.finance/images/icn-external-link-green.svg]
[compound.finance/images/asset_ETH.svg]
[compound.finance/images/asset_WETH.svg]
[compound.finance/images/asset_MATIC.svg]
[compound.finance/images/asset_V2.svg]
[compound.finance/images/asset_V2.svg]
